pepper -C "G@zone:dev and ( G@hostgroup:cicd or G@hostgroup:ci )"