pepper -C "G@zone:dev and ( G@hostgroup:jenkins ) and G@role:sonarqube"