pepper -C "G@zone:dev and ( G@hostgroup:cicd ) and G@subgroup:salt and G@role:master"